[     341ms] [INFO] %cDownload the React DevTools for a better development experience: https://react.dev/link/react-devtools font-weight:bold @ http://localhost:3000/_next/static/chunks/node_modules_next_dist_1e8vcs8._.js:776
[     367ms] [LOG] [HMR] connected @ http://localhost:3000/_next/static/chunks/node_modules_next_dist_1e8vcs8._.js:776
[     440ms] Error: Hydration failed because the server rendered HTML didn't match the client. As a result this tree will be regenerated on the client. This can happen if a SSR-ed Client Component used:

- A server/client branch `if (typeof window !== 'undefined')`.
- Variable input such as `Date.now()` or `Math.random()` which changes each time it's called.
- Date formatting in a user's locale which doesn't match the server.
- External changing data without sending a snapshot of it along with the HTML.
- Invalid HTML tag nesting.

It can also happen if the client has a browser extension installed which messes with the HTML before React loaded.

https://react.dev/link/hydration-mismatch

  ...
    <DevRootHTTPAccessFallbackBoundary>
      <HTTPAccessFallbackBoundary notFound={<NotAllowedRootHTTPFallbackError>}>
        <HTTPAccessFallbackErrorBoundary pathname="/nasabah/d..." notFound={<NotAllowedRootHTTPFallbackError>} ...>
          <RedirectBoundary>
            <RedirectErrorBoundary router={{...}}>
              <Head>
              <__next_root_layout_boundary__>
                <SegmentViewNode type="layout" pagePath="layout.tsx">
                  <SegmentTrieNode>
                  <link>
                  <script>
                  <script>
                  <RootLayout>
                    <html lang="id" className="h-full plu..." style={{...}}>
                      <body className="min-h-full..." style={{...}}>
                        <ToastProvider>
                          <AuthProvider>
                            <AuthGuard>
                              <div
+                               className="min-h-screen flex flex-col items-center justify-center bg-[#faf8ff] gap-3"
-                               className="min-h-screen font-sans selection:bg-emerald-500/20 text-slate-800 antialias..."
-                               style={{background-image:"linear-gra...",background-position-x:"initial", ...}}
                              >
                                <LoaderCircle className="w-8 h-8 te...">
+                                 <svg
+                                   ref={null}
+                                   xmlns="http://www.w3.org/2000/svg"
+                                   width={24}
+                                   height={24}
+                                   viewBox="0 0 24 24"
+                                   fill="none"
+                                   stroke="currentColor"
+                                   strokeWidth={2}
+                                   strokeLinecap="round"
+                                   strokeLinejoin="round"
+                                   className="lucide lucide-loader-circle lucide-loader-2 w-8 h-8 text-[#006948] anim..."
+                                   aria-hidden="true"
+                                 >
-                                 <div className="min-h-screen flex flex-col">
                                ...
                          ...
              ...

    at throwOnHydrationMismatch (http://localhost:3000/_next/static/chunks/node_modules_next_dist_compiled_react-dom_096_9a-._.js:3120:56)
    at beginWork (http://localhost:3000/_next/static/chunks/node_modules_next_dist_compiled_react-dom_096_9a-._.js:6585:918)
    at runWithFiberInDEV (http://localhost:3000/_next/static/chunks/node_modules_next_dist_compiled_react-dom_096_9a-._.js:761:74)
    at performUnitOfWork (http://localhost:3000/_next/static/chunks/node_modules_next_dist_compiled_react-dom_096_9a-._.js:9385:97)
    at workLoopConcurrentByScheduler (http://localhost:3000/_next/static/chunks/node_modules_next_dist_compiled_react-dom_096_9a-._.js:9381:58)
    at renderRootConcurrent (http://localhost:3000/_next/static/chunks/node_modules_next_dist_compiled_react-dom_096_9a-._.js:9364:71)
    at performWorkOnRoot (http://localhost:3000/_next/static/chunks/node_modules_next_dist_compiled_react-dom_096_9a-._.js:8891:150)
    at performWorkOnRootViaSchedulerTask (http://localhost:3000/_next/static/chunks/node_modules_next_dist_compiled_react-dom_096_9a-._.js:10085:9)
    at MessagePort.performWorkUntilDeadline (http://localhost:3000/_next/static/chunks/node_modules_next_dist_compiled_1amofcm._.js:2647:64)
[    1386ms] [ERROR] Failed to load resource: the server responded with a status of 401 () @ https://learn.smktelkom-mlg.sch.id/bank_sampah/api/v1/auth/me:0
[    1406ms] [ERROR] Failed to load resource: the server responded with a status of 401 () @ https://learn.smktelkom-mlg.sch.id/bank_sampah/api/v1/auth/me:0
[    1500ms] [ERROR] Failed to load resource: the server responded with a status of 401 () @ https://learn.smktelkom-mlg.sch.id/bank_sampah/api/v1/dashboard/summary:0
[    1500ms] [ERROR] Failed to load resource: the server responded with a status of 401 () @ https://learn.smktelkom-mlg.sch.id/bank_sampah/api/v1/setor-sampah/my-setor:0
[    1521ms] [ERROR] Failed to load resource: the server responded with a status of 401 () @ https://learn.smktelkom-mlg.sch.id/bank_sampah/api/v1/dashboard/summary:0
[    1521ms] [ERROR] Failed to load resource: the server responded with a status of 401 () @ https://learn.smktelkom-mlg.sch.id/bank_sampah/api/v1/setor-sampah/my-setor:0
[    1671ms] [VERBOSE] [DOM] Input elements should have autocomplete attributes (suggested: "current-password"): (More info: https://goo.gl/9p2vKq) %o @ http://localhost:3000/login:0
